// Jest Snapshot v1, https://goo.gl/fbAQLP

exports[`Person should be rendered without errors 1`] = `
Array [
  <h2
    className="d-flex"
>
    <a
        href="https://github.com/joe"
        target="_blank"
        title="see github profile"
    >
        John Doe
    </a>
    <button
        className="btn btn-primary ml-2"
        onClick={[Function]}
        type="button"
    >
        Edit
    </button>
</h2>,
  <h3>
    joe
</h3>,
  "",
  <p>
    Aldebaran
</p>,
  <h4>
    <strong>
        Bio:
    </strong>
</h4>,
  <p>
    no bio entered
</p>,
]
`;
