// Jest Snapshot v1, https://goo.gl/fbAQLP

exports[`Person should be rendered without errors 1`] = `
Array [
  <h2>
    <a
        className="link-styled"
        href=""
        onClick={[Function]}
        title="Edit profile"
    >
        John Doe
    </a>
</h2>,
  <h3>
    <a
        className="link-unstyled"
        href="https://github.com/joe"
        target="_blank"
        title="see on github"
    >
        joe
    </a>
</h3>,
  "",
  <p>
    Aldebaran
</p>,
  <h4>
    <strong>
        Bio:
    </strong>
</h4>,
  <p>
    no bio entered
</p>,
]
`;
