// Jest Snapshot v1, https://goo.gl/fbAQLP

exports[`User should be rendered without errors 1`] = `
<div
  className="row"
>
  <div
    className="col-md-4 text-center text-md-left mb-4"
  >
    <img
      alt="User Avatar"
      className="img-fluid mx-auto d-block rounded"
      src="https://avatars3.githubusercontent.com/u/2164575?v=4"
    />
  </div>
  <div
    className="col-md-8"
  >
    <h2>
      <a
        href=""
        onClick={[Function]}
        title="Go to Edit Form"
      >
        John Doe
      </a>
    </h2>
    <h3>
      joe
    </h3>
    
    <p>
      Aldebaran
    </p>
    <h4>
      <strong>
        Bio:
      </strong>
    </h4>
    <p>
      no bio entered
    </p>
    <h4>
      <strong>
        Statistics:
      </strong>
    </h4>
    <ul
      className="list-group"
    >
      <li
        className="list-group-item d-flex justify-content-between align-items-center"
      >
        Repositories
        : 
        <span
          className="badge badge-primary badge-pill"
        >
          5
        </span>
      </li>
      <li
        className="list-group-item d-flex justify-content-between align-items-center"
      >
        Following
        : 
        <span
          className="badge badge-primary badge-pill"
        >
          0
        </span>
      </li>
      <li
        className="list-group-item d-flex justify-content-between align-items-center"
      >
        Followers
        : 
        <span
          className="badge badge-primary badge-pill"
        >
          5
        </span>
      </li>
    </ul>
  </div>
</div>
`;
